// Jest Snapshot v1, https://goo.gl/fbAQLP

exports[`Pruebas en <AddCategory /> debe de mostrar correctamente  1`] = `ShallowWrapper {}`;
