// Jest Snapshot v1, https://goo.gl/fbAQLP

exports[`Pruebas en <GifGrid /> debe de mostrarse correctamente 1`] = `ShallowWrapper {}`;
